2026-06-28T10:04:38.060Z ERROR ansible  [failed] Reload turbopanel-caddy to serve updated leaf cert: Unable to reload service turbopanel-caddy: Job for turbopanel-caddy.service failed.
2026-06-28T10:04:38.060Z ERROR ansible  See "systemctl status turbopanel-caddy.service" and "journalctl -xeu turbopanel-caddy.service" for details.
2026-06-28T10:16:09.016Z ERROR ansible  [failed] Reload turbopanel-caddy to serve updated leaf cert: Unable to reload service turbopanel-caddy: Job for turbopanel-caddy.service failed.
2026-06-28T10:16:09.016Z ERROR ansible  See "systemctl status turbopanel-caddy.service" and "journalctl -xeu turbopanel-caddy.service" for details.
2026-06-28T12:04:26.408Z WARN instance  websocket connect failed: NetworkError: failed to connect to WebSocket: Invalid status code: 401
2026-06-28T12:04:30.484Z WARN instance  websocket connect failed: NetworkError: failed to connect to WebSocket: Invalid status code: 401
2026-06-28T12:04:38.517Z WARN instance  websocket connect failed: NetworkError: failed to connect to WebSocket: Invalid status code: 401
2026-06-28T12:04:54.534Z WARN instance  websocket connect failed: NetworkError: failed to connect to WebSocket: Invalid status code: 401
2026-06-28T12:05:24.554Z WARN instance  websocket connect failed: NetworkError: failed to connect to WebSocket: Invalid status code: 401
2026-06-28T12:05:54.573Z WARN instance  websocket connect failed: NetworkError: failed to connect to WebSocket: Invalid status code: 401
2026-06-28T12:06:24.599Z WARN instance  websocket connect failed: NetworkError: failed to connect to WebSocket: Invalid status code: 401
2026-06-28T12:06:54.621Z WARN instance  websocket connect failed: NetworkError: failed to connect to WebSocket: Invalid status code: 401
2026-06-28T12:34:45.582Z WARN instance  websocket connect failed: NetworkError: failed to connect to WebSocket: Invalid status code: 401
2026-06-28T12:34:49.596Z WARN instance  websocket connect failed: NetworkError: failed to connect to WebSocket: Invalid status code: 401
2026-06-28T12:34:57.651Z WARN instance  websocket connect failed: NetworkError: failed to connect to WebSocket: Invalid status code: 401
2026-06-28T12:35:13.721Z WARN instance  websocket connect failed: NetworkError: failed to connect to WebSocket: Invalid status code: 401
2026-06-28T12:35:43.741Z WARN instance  websocket connect failed: NetworkError: failed to connect to WebSocket: Invalid status code: 401
2026-06-28T12:36:13.762Z WARN instance  websocket connect failed: NetworkError: failed to connect to WebSocket: Invalid status code: 401
2026-06-28T12:36:43.772Z WARN instance  websocket connect failed: NetworkError: failed to connect to WebSocket: Invalid status code: 401
2026-06-28T12:37:23.842Z WARN instance  websocket connect failed: NetworkError: failed to connect to WebSocket: Invalid status code: 401
2026-06-28T12:37:53.861Z WARN instance  websocket connect failed: NetworkError: failed to connect to WebSocket: Invalid status code: 401
2026-06-28T12:38:23.885Z WARN instance  websocket connect failed: NetworkError: failed to connect to WebSocket: Invalid status code: 401
2026-06-28T12:38:53.903Z WARN instance  websocket connect failed: NetworkError: failed to connect to WebSocket: Invalid status code: 401
2026-06-28T12:39:23.918Z WARN instance  websocket connect failed: NetworkError: failed to connect to WebSocket: Invalid status code: 401
2026-06-28T12:39:53.945Z WARN instance  websocket connect failed: NetworkError: failed to connect to WebSocket: Invalid status code: 401
2026-06-28T12:40:23.964Z WARN instance  websocket connect failed: NetworkError: failed to connect to WebSocket: Invalid status code: 401
2026-06-28T12:40:53.987Z WARN instance  websocket connect failed: NetworkError: failed to connect to WebSocket: Invalid status code: 401
2026-06-28T12:41:24.017Z WARN instance  websocket connect failed: NetworkError: failed to connect to WebSocket: Invalid status code: 401
2026-06-28T12:41:54.046Z WARN instance  websocket connect failed: NetworkError: failed to connect to WebSocket: Invalid status code: 401
2026-06-28T12:42:24.059Z WARN instance  websocket connect failed: NetworkError: failed to connect to WebSocket: Invalid status code: 401
2026-06-28T12:42:54.086Z WARN instance  websocket connect failed: NetworkError: failed to connect to WebSocket: Invalid status code: 401
2026-06-28T12:43:24.116Z WARN instance  websocket connect failed: NetworkError: failed to connect to WebSocket: Invalid status code: 401
2026-06-28T12:43:54.149Z WARN instance  websocket connect failed: NetworkError: failed to connect to WebSocket: Invalid status code: 401
2026-06-28T12:44:24.170Z WARN instance  websocket connect failed: NetworkError: failed to connect to WebSocket: Invalid status code: 401
2026-06-28T12:44:54.186Z WARN instance  websocket connect failed: NetworkError: failed to connect to WebSocket: Invalid status code: 401
2026-06-28T12:45:24.194Z WARN instance  websocket connect failed: NetworkError: failed to connect to WebSocket: Invalid status code: 401
2026-06-28T12:45:54.212Z WARN instance  websocket connect failed: NetworkError: failed to connect to WebSocket: Invalid status code: 401
2026-06-28T12:46:24.224Z WARN instance  websocket connect failed: NetworkError: failed to connect to WebSocket: Invalid status code: 401
2026-06-28T13:15:33.604Z WARN instance  websocket connect failed: NetworkError: failed to connect to WebSocket: Invalid status code: 401
2026-06-28T13:15:37.620Z WARN instance  websocket connect failed: NetworkError: failed to connect to WebSocket: Invalid status code: 401
2026-06-28T13:15:45.639Z WARN instance  websocket connect failed: NetworkError: failed to connect to WebSocket: Invalid status code: 401
2026-06-28T13:16:01.651Z WARN instance  websocket connect failed: NetworkError: failed to connect to WebSocket: Invalid status code: 401
2026-06-28T13:16:31.676Z WARN instance  websocket connect failed: NetworkError: failed to connect to WebSocket: Invalid status code: 401
2026-06-28T13:17:01.689Z WARN instance  websocket connect failed: NetworkError: failed to connect to WebSocket: Invalid status code: 401
2026-06-28T13:17:31.704Z WARN instance  websocket connect failed: NetworkError: failed to connect to WebSocket: Invalid status code: 401
2026-06-28T13:18:01.734Z WARN instance  websocket connect failed: NetworkError: failed to connect to WebSocket: Invalid status code: 401
2026-06-28T13:18:31.761Z WARN instance  websocket connect failed: NetworkError: failed to connect to WebSocket: Invalid status code: 401
2026-06-28T13:19:01.797Z WARN instance  websocket connect failed: NetworkError: failed to connect to WebSocket: Invalid status code: 401
2026-06-28T13:19:31.807Z WARN instance  websocket connect failed: NetworkError: failed to connect to WebSocket: Invalid status code: 401
2026-06-28T13:20:01.823Z WARN instance  websocket connect failed: NetworkError: failed to connect to WebSocket: Invalid status code: 401
2026-06-28T13:20:31.841Z WARN instance  websocket connect failed: NetworkError: failed to connect to WebSocket: Invalid status code: 401
2026-06-28T13:21:01.868Z WARN instance  websocket connect failed: NetworkError: failed to connect to WebSocket: Invalid status code: 401
2026-06-28T13:21:31.884Z WARN instance  websocket connect failed: NetworkError: failed to connect to WebSocket: Invalid status code: 401
2026-06-28T13:22:01.900Z WARN instance  websocket connect failed: NetworkError: failed to connect to WebSocket: Invalid status code: 401
2026-06-28T13:22:31.918Z WARN instance  websocket connect failed: NetworkError: failed to connect to WebSocket: Invalid status code: 401
2026-06-28T13:23:54.161Z WARN instance  websocket connect failed: NetworkError: failed to connect to WebSocket: Invalid status code: 401
2026-06-28T13:23:58.173Z WARN instance  websocket connect failed: NetworkError: failed to connect to WebSocket: Invalid status code: 401
2026-06-28T13:24:06.182Z WARN instance  websocket connect failed: NetworkError: failed to connect to WebSocket: Invalid status code: 401
2026-06-28T13:24:22.192Z WARN instance  websocket connect failed: NetworkError: failed to connect to WebSocket: Invalid status code: 401
2026-06-28T13:24:52.205Z WARN instance  websocket connect failed: NetworkError: failed to connect to WebSocket: Invalid status code: 401
2026-06-28T13:25:22.213Z WARN instance  websocket connect failed: NetworkError: failed to connect to WebSocket: Invalid status code: 401
2026-06-28T13:25:52.219Z WARN instance  websocket connect failed: NetworkError: failed to connect to WebSocket: Invalid status code: 401
2026-06-28T13:26:22.248Z WARN instance  websocket connect failed: NetworkError: failed to connect to WebSocket: Invalid status code: 401
2026-06-28T13:26:52.263Z WARN instance  websocket connect failed: NetworkError: failed to connect to WebSocket: Invalid status code: 401
2026-06-28T13:27:22.283Z WARN instance  websocket connect failed: NetworkError: failed to connect to WebSocket: Invalid status code: 401
2026-06-28T13:27:52.309Z WARN instance  websocket connect failed: NetworkError: failed to connect to WebSocket: Invalid status code: 401
2026-06-28T13:28:22.351Z WARN instance  websocket connect failed: NetworkError: failed to connect to WebSocket: Invalid status code: 401
2026-06-28T13:28:52.364Z WARN instance  websocket connect failed: NetworkError: failed to connect to WebSocket: Invalid status code: 401
2026-06-28T13:29:22.380Z WARN instance  websocket connect failed: NetworkError: failed to connect to WebSocket: Invalid status code: 401
2026-06-28T13:29:52.393Z WARN instance  websocket connect failed: NetworkError: failed to connect to WebSocket: Invalid status code: 401
2026-06-28T13:30:22.413Z WARN instance  websocket connect failed: NetworkError: failed to connect to WebSocket: Invalid status code: 401
2026-06-28T13:30:52.420Z WARN instance  websocket connect failed: NetworkError: failed to connect to WebSocket: Invalid status code: 401
2026-06-28T13:31:22.428Z WARN instance  websocket connect failed: NetworkError: failed to connect to WebSocket: Invalid status code: 401
2026-06-28T13:31:52.440Z WARN instance  websocket connect failed: NetworkError: failed to connect to WebSocket: Invalid status code: 401
2026-06-28T13:32:43.151Z WARN instance  websocket connect failed: NetworkError: failed to connect to WebSocket: Invalid status code: 401
2026-06-28T13:37:49.237Z WARN instance  websocket connect failed: NetworkError: failed to connect to WebSocket: Invalid status code: 401
2026-06-28T13:42:55.309Z WARN instance  websocket connect failed: NetworkError: failed to connect to WebSocket: Invalid status code: 401
2026-06-28T13:45:00.425Z WARN instance  dev-sync handler failed: Failed to spawn 'sudo': failed resolving cwd: No such file or directory (os error 2)
2026-06-28T13:50:58.091Z WARN instance  websocket connect failed: NetworkError: failed to connect to WebSocket: Invalid status code: 401
2026-06-28T13:54:56.910Z ERROR dev-sync  failed: Failed to spawn 'tar': failed resolving cwd: No such file or directory (os error 2)
2026-06-28T14:12:10.845Z WARN instance  websocket connect failed: NetworkError: failed to connect to WebSocket: Invalid status code: 401
2026-06-28T15:00:15.579Z WARN dev-sync  deno cache warning: [0m[1m[31merror[0m: Module not found "file:///opt/turbopanel/platform/daemon/src/log-compat.ts".
2026-06-28T15:00:15.579Z WARN dev-sync      at [0m[36mfile:///opt/turbopanel/platform/daemon/src/instance/paths.ts[0m:[0m[33m1[0m:[0m[33m25[0m
2026-06-28T15:00:15.973Z WARN daemon  sudo -n systemctl restart turbopanel-daemon turbopanel-daemon failed: unknown error
[0m[1m[31merror[0m: Module not found "file:///opt/turbopanel/platform/daemon/src/log-compat.ts".
    at [0m[36mfile:///opt/turbopanel/platform/daemon/src/instance/paths.ts[0m:[0m[33m1[0m:[0m[33m25[0m
[0m[1m[31merror[0m: Module not found "file:///opt/turbopanel/platform/daemon/src/log-compat.ts".
    at [0m[36mfile:///opt/turbopanel/platform/daemon/src/instance/paths.ts[0m:[0m[33m1[0m:[0m[33m25[0m
[0m[1m[31merror[0m: Module not found "file:///opt/turbopanel/platform/daemon/src/log-compat.ts".
    at [0m[36mfile:///opt/turbopanel/platform/daemon/src/instance/paths.ts[0m:[0m[33m1[0m:[0m[33m25[0m
[0m[1m[31merror[0m: Module not found "file:///opt/turbopanel/platform/daemon/src/log-compat.ts".
    at [0m[36mfile:///opt/turbopanel/platform/daemon/src/instance/paths.ts[0m:[0m[33m1[0m:[0m[33m25[0m
[0m[1m[31merror[0m: Module not found "file:///opt/turbopanel/platform/daemon/src/log-compat.ts".
    at [0m[36mfile:///opt/turbopanel/platform/daemon/src/instance/paths.ts[0m:[0m[33m1[0m:[0m[33m25[0m
[0m[1m[31merror[0m: Module not found "file:///opt/turbopanel/platform/daemon/src/log-compat.ts".
    at [0m[36mfile:///opt/turbopanel/platform/daemon/src/instance/paths.ts[0m:[0m[33m1[0m:[0m[33m25[0m
[0m[1m[31merror[0m: Module not found "file:///opt/turbopanel/platform/daemon/src/log-compat.ts".
    at [0m[36mfile:///opt/turbopanel/platform/daemon/src/instance/paths.ts[0m:[0m[33m1[0m:[0m[33m25[0m
[0m[1m[31merror[0m: Module not found "file:///opt/turbopanel/platform/daemon/src/log-compat.ts".
    at [0m[36mfile:///opt/turbopanel/platform/daemon/src/instance/paths.ts[0m:[0m[33m1[0m:[0m[33m25[0m
[0m[1m[31merror[0m: Module not found "file:///opt/turbopanel/platform/daemon/src/log-compat.ts".
    at [0m[36mfile:///opt/turbopanel/platform/daemon/src/instance/paths.ts[0m:[0m[33m1[0m:[0m[33m25[0m
[0m[1m[31merror[0m: Module not found "file:///opt/turbopanel/platform/daemon/src/log-compat.ts".
    at [0m[36mfile:///opt/turbopanel/platform/daemon/src/instance/paths.ts[0m:[0m[33m1[0m:[0m[33m25[0m
[0m[1m[31merror[0m: Module not found "file:///opt/turbopanel/platform/daemon/src/log-compat.ts".
    at [0m[36mfile:///opt/turbopanel/platform/daemon/src/instance/paths.ts[0m:[0m[33m1[0m:[0m[33m25[0m
[0m[1m[31merror[0m: Module not found "file:///opt/turbopanel/platform/daemon/src/log-compat.ts".
    at [0m[36mfile:///opt/turbopanel/platform/daemon/src/instance/paths.ts[0m:[0m[33m1[0m:[0m[33m25[0m
[0m[1m[31merror[0m: Module not found "file:///opt/turbopanel/platform/daemon/src/log-compat.ts".
    at [0m[36mfile:///opt/turbopanel/platform/daemon/src/instance/paths.ts[0m:[0m[33m1[0m:[0m[33m25[0m
[0m[1m[31merror[0m: Module not found "file:///opt/turbopanel/platform/daemon/src/log-compat.ts".
    at [0m[36mfile:///opt/turbopanel/platform/daemon/src/instance/paths.ts[0m:[0m[33m1[0m:[0m[33m25[0m
[0m[1m[31merror[0m: Module not found "file:///opt/turbopanel/platform/daemon/src/log-compat.ts".
    at [0m[36mfile:///opt/turbopanel/platform/daemon/src/instance/paths.ts[0m:[0m[33m1[0m:[0m[33m25[0m
